<html>
<body>
<pre>
<h1>µVision Build Log</h1>
<h2>Project:</h2>
D:\ARM_Course_Programs\7Segment\7segment_1.uvproj
Project File Date:  04/28/2018

<h2>Output:</h2>
Rebuild target 'Target 1'
compiling system_LPC17xx.c...
compiling 7seg_1.c...
7seg_1.c(48): warning:  #1-D: last line of file ends without a newline
  }
assembling startup_LPC17xx.s...
linking...
Program Size: Code=1596 RO-data=236 RW-data=84 ZI-data=612  
FromELF: creating hex file...
".\7segment_1.axf" - 0 Error(s), 1 Warning(s).
</pre>
</body>
</html>
g_1.c(48): warning:  #1-D: last line of file ends without a newline
  }
"7seg_1.c" - 0 Error(s), 1 Warning(s).
